<html>
<body>
<pre>
<h1>µVision Build Log</h1>
<h2>Tool Versions:</h2>
IDE-Version: ¦ÌVision V5.25.2.0
Copyright (C) 2018 ARM Ltd and ARM Germany GmbH. All rights reserved.
License Information: peng,  , LIC=PE7X7-EM59T-2XLU1-CEAX1-FX8RV-P8U1I
 
Tool Versions:
Toolchain:       MDK-ARM Plus  Version: 5.25.2.0
Toolchain Path:  D:\application\keil_V5\ARM\ARMCC\Bin
C Compiler:      Armcc.exe V5.06 update 6 (build 750)
Assembler:       Armasm.exe V5.06 update 6 (build 750)
Linker/Locator:  ArmLink.exe V5.06 update 6 (build 750)
Library Manager: ArmAr.exe V5.06 update 6 (build 750)
Hex Converter:   FromElf.exe V5.06 update 6 (build 750)
CPU DLL:         SARMCM3.DLL V5.25.2.0
Dialog DLL:      DCM.DLL V1.17.1.0
Target DLL:      STLink\ST-LINKIII-KEIL_SWO.dll V3.0.1.0
Dialog DLL:      TCM.DLL V1.35.1.0
 
<h2>Project:</h2>
E:\Project\L76X GPS Module\code\STM32\STM32F103RBT6\MDK-ARM\L76X_GPS_Module.uvprojx
Project File Date:  03/13/2019

<h2>Output:</h2>
*** Using Compiler 'V5.06 update 6 (build 750)', folder: 'D:\application\keil_V5\ARM\ARMCC\Bin'
Build target 'L76X_GPS_Module'
assembling startup_stm32f103xb.s...
compiling main.c...
compiling DEV_Config.c...
..\User\DEV_Config\DEV_Config.c(56): warning:  #167-D: argument of type "char *" is incompatible with parameter of type "uint8_t *"
  		HAL_UART_Transmit(&huart1, data+i, 1, 0xFFFF);
..\User\DEV_Config\DEV_Config.c(62): warning:  #167-D: argument of type "char *" is incompatible with parameter of type "uint8_t *"
    HAL_UART_Receive(&huart1, data, Num, 0XFFFF);
..\User\DEV_Config\DEV_Config.c: 2 warnings, 0 errors
compiling L76X.c...
compiling gpio.c...
compiling stm32f1xx_hal_msp.c...
compiling stm32f1xx_it.c...
compiling usart.c...
compiling stm32f1xx_hal_gpio_ex.c...
compiling stm32f1xx_hal_tim_ex.c...
compiling stm32f1xx_hal_tim.c...
compiling stm32f1xx_hal_uart.c...
compiling stm32f1xx_hal_rcc_ex.c...
compiling stm32f1xx_hal.c...
compiling stm32f1xx_hal_rcc.c...
compiling stm32f1xx_hal_gpio.c...
compiling stm32f1xx_hal_cortex.c...
compiling stm32f1xx_hal_dma.c...
compiling stm32f1xx_hal_pwr.c...
compiling stm32f1xx_hal_flash.c...
compiling system_stm32f1xx.c...
compiling stm32f1xx_hal_flash_ex.c...
linking...
Program Size: Code=13712 RO-data=760 RW-data=24 ZI-data=1976  
FromELF: creating hex file...
"L76X_GPS_HAT\L76X_GPS_Module.axf" - 0 Error(s), 2 Warning(s).

<h2>Software Packages used:</h2>

Package Vendor: ARM
                http://www.keil.com/pack/ARM.CMSIS.5.3.0.pack
                ARM.CMSIS.5.3.0
                CMSIS (Cortex Microcontroller Software Interface Standard)
   * Component: CORE Version: 5.1.1

Package Vendor: Keil
                http://www.keil.com/pack/Keil.STM32F1xx_DFP.2.1.0.pack
                Keil.STM32F1xx_DFP.2.1.0
                STMicroelectronics STM32F1 Series Device Support, Drivers and Examples

<h2>Collection of Component include folders:</h2>
  .\RTE\_L76X_GPS_Module
  D:\application\keil_V5\ARM\PACK\ARM\CMSIS\5.3.0\CMSIS\Include
  D:\application\keil_V5\ARM\PACK\Keil\STM32F1xx_DFP\2.1.0\Device\Include

<h2>Collection of Component Files used:</h2>

   * Component: ARM::CMSIS:CORE:5.1.1
Build Time Elapsed:  00:00:09
</pre>
</body>
</html>
